// Jest Snapshot v1, https://goo.gl/fbAQLP

exports[`FontsList Tests should render FontsList with data correctly 1`] = `
<RCTScrollView
  keyboardDismissMode="on-drag"
  keyboardShouldPersistTaps="always"
  style={
    Object {
      "flex": 1,
      "zIndex": 999,
    }
  }
>
  <View>
    <RCTScrollView
      disableVirtualization={false}
      getItem={[Function]}
      getItemCount={[Function]}
      horizontal={true}
      initialNumToRender={10}
      keyExtractor={[Function]}
      keyboardShouldPersistTaps="always"
      maxToRenderPerBatch={10}
      numColumns={1}
      onContentSizeChange={[Function]}
      onEndReachedThreshold={2}
      onLayout={[Function]}
      onMomentumScrollEnd={[Function]}
      onScroll={[Function]}
      onScrollBeginDrag={[Function]}
      onScrollEndDrag={[Function]}
      removeClippedSubviews={false}
      renderItem={[Function]}
      scrollEventThrottle={50}
      stickyHeaderIndices={Array []}
      updateCellsBatchingPeriod={50}
      viewabilityConfigCallbackPairs={Array []}
      windowSize={21}
    >
      <View />
    </RCTScrollView>
  </View>
</RCTScrollView>
`;

exports[`FontsList Tests should render FontsList with null data 1`] = `
<RCTScrollView
  keyboardDismissMode="on-drag"
  keyboardShouldPersistTaps="always"
  style={
    Object {
      "flex": 1,
      "zIndex": 999,
    }
  }
>
  <View>
    <RCTScrollView
      disableVirtualization={false}
      getItem={[Function]}
      getItemCount={[Function]}
      horizontal={true}
      initialNumToRender={10}
      keyExtractor={[Function]}
      keyboardShouldPersistTaps="always"
      maxToRenderPerBatch={10}
      numColumns={1}
      onContentSizeChange={[Function]}
      onEndReachedThreshold={2}
      onLayout={[Function]}
      onMomentumScrollEnd={[Function]}
      onScroll={[Function]}
      onScrollBeginDrag={[Function]}
      onScrollEndDrag={[Function]}
      removeClippedSubviews={false}
      renderItem={[Function]}
      scrollEventThrottle={50}
      stickyHeaderIndices={Array []}
      updateCellsBatchingPeriod={50}
      viewabilityConfigCallbackPairs={Array []}
      windowSize={21}
    >
      <View />
    </RCTScrollView>
  </View>
</RCTScrollView>
`;
